// Jest Snapshot v1, https://goo.gl/fbAQLP

exports[`Render image carousel component Change image after 3 sec 1`] = `
"Snapshot Diff:
- First value
+ Second value

  <div
    animate=\\"in\\"
-   class=\\"sc-AxgMl dxpndP\\"
+   class=\\"sc-AxgMl lRIwE\\"
    data-testid=\\"image-slider\\"
    exit=\\"out\\"
    height=\\"400\\"
    initial=\\"initial\\"
    prevslide=\\"slide-image-1\\"
    role=\\"image-slider\\"
    transition=\\"[object Object]\\"
-   url=\\"slide-image-1\\"
+   url=\\"slide-image-2\\"
    variants=\\"[object Object]\\"
  />"
`;
